<html>
<body>
<pre>
<h1>礦ision Build Log</h1>
<h2>Tool Versions:</h2>
IDE-Version: μVision V5.14.0.0
Copyright (C) 2015 ARM Ltd and ARM Germany GmbH. All rights reserved.
License Information: he ping, user, LIC=IK1BF-6ZZWB-12YLE-5T3EI-CRL7A-R9XD5
 
Tool Versions:
Toolchain:       MDK-ARM Standard  Version: 5.14.0.0
Toolchain Path:  G:\keil5\ARM\ARMCC\Bin
C Compiler:      Armcc.exe V5.05 update 1 (build 106)
Assembler:       Armasm.exe V5.05 update 1 (build 106)
Linker/Locator:  ArmLink.exe V5.05 update 1 (build 106)
Library Manager: ArmAr.exe V5.05 update 1 (build 106)
Hex Converter:   FromElf.exe V5.05 update 1 (build 106)
CPU DLL:         SARMCM3.DLL V5.14.0.0
Dialog DLL:      DCM.DLL V1.13.1.0
Target DLL:      STLink\ST-LINKIII-KEIL_SWO.dll V2.0.14.0_KEIL
Dialog DLL:      TCM.DLL V1.14.4.0
 
<h2>Project:</h2>
D:\Desktop\智能台灯\LightRegulate\test1.uvprojx
Project File Date:  04/21/2023

<h2>Output:</h2>
Rebuild target 'test'
compiling main.c...
.\HARDWARE\ADC3\adc.h(9): warning:  #1-D: last line of file ends without a newline
  #endif
.\HARDWARE\timer\Timer.h(7): warning:  #1-D: last line of file ends without a newline
  #endif
USER\main.c(108): warning:  #186-D: pointless comparison of unsigned integer with zero
                        else if ((light>=0) && (light<=25))
USER\main.c(111): warning:  #1-D: last line of file ends without a newline
  }
USER\main.c: 4 warnings, 0 errors
compiling stm32f10x_it.c...
compiling system_stm32f10x.c...
compiling core_cm3.c...
assembling startup_stm32f10x_md.s...
compiling misc.c...
compiling stm32f10x_adc.c...
compiling stm32f10x_bkp.c...
compiling stm32f10x_cec.c...
compiling stm32f10x_crc.c...
compiling stm32f10x_dbgmcu.c...
compiling stm32f10x_dma.c...
compiling stm32f10x_exti.c...
compiling stm32f10x_flash.c...
compiling stm32f10x_fsmc.c...
compiling stm32f10x_gpio.c...
compiling stm32f10x_i2c.c...
compiling stm32f10x_iwdg.c...
compiling stm32f10x_pwr.c...
compiling stm32f10x_rcc.c...
compiling stm32f10x_rtc.c...
compiling stm32f10x_sdio.c...
compiling stm32f10x_tim.c...
compiling stm32f10x_usart.c...
compiling stm32f10x_wwdg.c...
compiling sys.c...
compiling delay.c...
compiling led.c...
.\HARDWARE\timer\Timer.h(7): warning:  #1-D: last line of file ends without a newline
  #endif
HARDWARE\LED\led.c: 1 warning, 0 errors
compiling usart3.c...
compiling Timer.c...
HARDWARE\timer\Timer.h(7): warning:  #1-D: last line of file ends without a newline
  #endif
HARDWARE\timer\Timer.c: 1 warning, 0 errors
compiling adc.c...
HARDWARE\ADC3\adc.h(9): warning:  #1-D: last line of file ends without a newline
  #endif
HARDWARE\ADC3\adc.c: 1 warning, 0 errors
compiling iwdg.c...
linking...
Program Size: Code=11576 RO-data=820 RW-data=32 ZI-data=5232  
FromELF: creating hex file...
".\Objects\test1.axf" - 0 Error(s), 7 Warning(s).

<h2>Collection of Component include folders:</h2>
  D:\Desktop\智能台灯\LightRegulate\RTE
  G:\keil5\ARM\PACK\Keil\STM32F1xx_DFP\2.2.0

<h2>Collection of Component Files used:</h2>
</pre>
</body>
</html>
