<html>
<body>
<pre>
<h1>µVision Build Log</h1>
<h2>Tool Versions:</h2>
IDE-Version: ¦ÌVision V5.14.0.0
Copyright (C) 2015 ARM Ltd and ARM Germany GmbH. All rights reserved.
License Information: he ping, user, LIC=IK1BF-6ZZWB-12YLE-5T3EI-CRL7A-R9XD5
 
Tool Versions:
Toolchain:       MDK-ARM Standard  Version: 5.14.0.0
Toolchain Path:  G:\keil5\ARM\ARMCC\Bin
C Compiler:      Armcc.exe V5.05 update 1 (build 106)
Assembler:       Armasm.exe V5.05 update 1 (build 106)
Linker/Locator:  ArmLink.exe V5.05 update 1 (build 106)
Library Manager: ArmAr.exe V5.05 update 1 (build 106)
Hex Converter:   FromElf.exe V5.05 update 1 (build 106)
CPU DLL:         SARMCM3.DLL V5.14.0.0
Dialog DLL:      DCM.DLL V1.13.1.0
Target DLL:      STLink\ST-LINKIII-KEIL_SWO.dll V2.0.14.0_KEIL
Dialog DLL:      TCM.DLL V1.14.4.0
 
<h2>Project:</h2>
D:\Desktop\test\test1.uvprojx
Project File Date:  03/06/2023

<h2>Output:</h2>
Rebuild target 'test'
compiling main.c...
.\HARDWARE\ADC3\adc.h(14): warning:  #1-D: last line of file ends without a newline
  #endif 
USER\main.c: 1 warning, 0 errors
compiling stm32f10x_it.c...
compiling system_stm32f10x.c...
compiling core_cm3.c...
assembling startup_stm32f10x_md.s...
compiling misc.c...
compiling stm32f10x_adc.c...
compiling stm32f10x_bkp.c...
compiling stm32f10x_can.c...
compiling stm32f10x_cec.c...
compiling stm32f10x_crc.c...
compiling stm32f10x_dac.c...
compiling stm32f10x_dbgmcu.c...
compiling stm32f10x_dma.c...
compiling stm32f10x_exti.c...
compiling stm32f10x_flash.c...
compiling stm32f10x_fsmc.c...
compiling stm32f10x_gpio.c...
compiling stm32f10x_i2c.c...
compiling stm32f10x_iwdg.c...
compiling stm32f10x_pwr.c...
compiling stm32f10x_rcc.c...
compiling stm32f10x_rtc.c...
compiling stm32f10x_sdio.c...
compiling stm32f10x_spi.c...
compiling stm32f10x_tim.c...
compiling stm32f10x_usart.c...
compiling stm32f10x_wwdg.c...
compiling sys.c...
compiling delay.c...
compiling led.c...
compiling esp.c...
HARDWARE\esp8266\esp.c(82): warning:  #192-D: unrecognized character escape sequence
        u3_printf("AT+MQTTPUB=0,\"%s\",\"\\{\\\"%s\\\"\:%d\\,\\\"%s\\\"\:%d\\,\\\"%s\\\"\:%d\\,\\\"%s\\\"\:%d\\,\\\"%s\\\"\:%d\}\",0,0\r\n",
HARDWARE\esp8266\esp.c(82): warning:  #192-D: unrecognized character escape sequence
        u3_printf("AT+MQTTPUB=0,\"%s\",\"\\{\\\"%s\\\"\:%d\\,\\\"%s\\\"\:%d\\,\\\"%s\\\"\:%d\\,\\\"%s\\\"\:%d\\,\\\"%s\\\"\:%d\}\",0,0\r\n",
HARDWARE\esp8266\esp.c(82): warning:  #192-D: unrecognized character escape sequence
        u3_printf("AT+MQTTPUB=0,\"%s\",\"\\{\\\"%s\\\"\:%d\\,\\\"%s\\\"\:%d\\,\\\"%s\\\"\:%d\\,\\\"%s\\\"\:%d\\,\\\"%s\\\"\:%d\}\",0,0\r\n",
HARDWARE\esp8266\esp.c(82): warning:  #192-D: unrecognized character escape sequence
        u3_printf("AT+MQTTPUB=0,\"%s\",\"\\{\\\"%s\\\"\:%d\\,\\\"%s\\\"\:%d\\,\\\"%s\\\"\:%d\\,\\\"%s\\\"\:%d\\,\\\"%s\\\"\:%d\}\",0,0\r\n",
HARDWARE\esp8266\esp.c(82): warning:  #192-D: unrecognized character escape sequence
        u3_printf("AT+MQTTPUB=0,\"%s\",\"\\{\\\"%s\\\"\:%d\\,\\\"%s\\\"\:%d\\,\\\"%s\\\"\:%d\\,\\\"%s\\\"\:%d\\,\\\"%s\\\"\:%d\}\",0,0\r\n",
HARDWARE\esp8266\esp.c(82): warning:  #192-D: unrecognized character escape sequence
        u3_printf("AT+MQTTPUB=0,\"%s\",\"\\{\\\"%s\\\"\:%d\\,\\\"%s\\\"\:%d\\,\\\"%s\\\"\:%d\\,\\\"%s\\\"\:%d\\,\\\"%s\\\"\:%d\}\",0,0\r\n",
HARDWARE\esp8266\esp.c: 6 warnings, 0 errors
compiling usart3.c...
compiling Timer.c...
compiling OLED.c...
compiling adc.c...
HARDWARE\ADC3\adc.h(14): warning:  #1-D: last line of file ends without a newline
  #endif 
HARDWARE\ADC3\adc.c(86): warning:  #1-D: last line of file ends without a newline
  }
HARDWARE\ADC3\adc.c: 2 warnings, 0 errors
compiling dht11.c...
linking...
Program Size: Code=10052 RO-data=820 RW-data=44 ZI-data=5292  
FromELF: creating hex file...
".\Objects\test1.axf" - 0 Error(s), 9 Warning(s).

<h2>Collection of Component include folders:</h2>
  D:\Desktop\test\RTE
  G:\keil5\ARM\PACK\Keil\STM32F1xx_DFP\2.2.0

<h2>Collection of Component Files used:</h2>
</pre>
</body>
</html>
